../Core/Src/main.c:105:6:HAL_TIM_PeriodElapsedCallback	16	static
../Core/Src/main.c:125:6:initializare_ecran_start	32	static
../Core/Src/main.c:163:6:ecran_game_over	24	static
../Core/Src/main.c:169:6:ecran_joc_castigat	24	static
../Core/Src/main.c:175:6:pixel_racheta_jucator	16	static
../Core/Src/main.c:209:6:refresh_glont	24	static
../Core/Src/main.c:222:6:pixel_glont	24	static
../Core/Src/main.c:237:6:refresh_gloante	16	static
../Core/Src/main.c:252:6:draw_gloante	16	static
../Core/Src/main.c:270:6:refresh_entitate	24	static
../Core/Src/main.c:284:6:pixel_adversar	24	static
../Core/Src/main.c:311:6:draw_adversari	16	static
../Core/Src/main.c:322:6:HAL_GPIO_EXTI_Callback	16	static
../Core/Src/main.c:384:6:deplasare_jucator	8	static
../Core/Src/main.c:452:6:initializare_adversar_nivel1	8	static
../Core/Src/main.c:473:6:initializare_nivel_1	8	static
../Core/Src/main.c:486:6:verifica_coliziune_nava_inamica	16	static
../Core/Src/main.c:518:6:verifica_coliziune_jucator	16	static
../Core/Src/main.c:537:6:verifica_joc_castigat	8	static
../Core/Src/main.c:555:6:spawn_gloante_inamice	16	static
../Core/Src/main.c:575:6:verifica_trigger	4	static
../Core/Src/main.c:593:6:deplasare_gloante	16	static
../Core/Src/main.c:609:6:verifica_coordonate_gloante	16	static
../Core/Src/main.c:663:6:logica_coliziuni	8	static
../Core/Src/main.c:668:6:logica_gloante	8	static
../Core/Src/main.c:692:6:fizica_jucator	8	static
../Core/Src/main.c:701:6:motor_joc	8	static
../Core/Src/main.c:718:5:main	16	static
../Core/Src/main.c:790:6:SystemClock_Config	88	static
../Core/Src/main.c:837:13:MX_SPI1_Init	8	static
../Core/Src/main.c:875:13:MX_TIM2_Init	64	static
../Core/Src/main.c:934:13:MX_USART1_UART_Init	8	static
../Core/Src/main.c:967:13:MX_USB_PCD_Init	8	static
../Core/Src/main.c:998:13:MX_GPIO_Init	40	static
../Core/Src/main.c:1063:6:Error_Handler	4	static,ignoring_inline_asm
